[INFO ]  All Commands Found. Continuing
[INFO ]  Arguments Correct. Continuing
[INFO ]  Xml Template: templates/centos-bananapi.xml
[INFO ]  Parsing: templates/centos-bananapi.xml
[INFO ]  Successfully Parsed Board Template For: bananapi
[INFO ]  Creating Image File
[INFO ]  Creating Image: 3G raw CentOS-Userland-7-armv7hl-Minimal-YM-BananaPi.img
[INFO ]  Creating Partitions
[INFO ]  Verifying that Primary & Extended partition sizes doesn't exceed image size
[INFO ]  Image Size: 3072M Parititon Size Sum: 3060M
[INFO ]  Verifying that Logical partition sizes don't exceed Extended partition image size
[INFO ]  Creating Partition 1 500M primary ext3 /boot 2bb101d4-69c3-4377-a737-ce07a4e6138e
[INFO ]  Creating Partition 2 512M primary swap swap cd27a98e-ecc3-474c-9dab-aecb4442b715
[INFO ]  Creating Partition 3 2048M primary ext4 / 9a8688e4-2d43-4584-a91e-76bae8440b5c
[INFO ]  Mounting Partitions
[INFO ]  Mounting Parititon 3 on /tmp/temp/
[INFO ]  Mounting Parititon 1 on /tmp/temp/boot
[INFO ]  Found Repo: centos-base http://armv7.dev.centos.org/repos/7/os/armhfp/
[INFO ]  Found Repo: centos-extras http://armv7.dev.centos.org/repos/7/extras/armhfp/
[INFO ]  Found Repo: centos-updates http://armv7.dev.centos.org/repos/7/updates/armhfp/
[INFO ]  Found Repo: centos-arm-kernels http://armv7.dev.centos.org/repodir/arm-kernels/4.4.12-301/
[INFO ]  Installing Package Groups: core
[INFO ]  Installing Packages: chrony rootfs-resize net-tools
[INFO ]  Reading Network Config
[INFO ]  Found Network Interface: eth0 dhcp
[INFO ]  Installing Kernel
[INFO ]  Kernel Type: stock
[INFO ]  Using Stock Kernel
[INFO ]  Copying Etc Overlay: ./etc
[INFO ]           -sysconfig
[INFO ]           	-network-scripts
[INFO ]           		-ifcfg-eth0
[INFO ]           -fstab
[INFO ]           -hostname
[INFO ]           -rbf
[INFO ]           	-board.xml
[INFO ]  Setting root password
[INFO ]  Setting SELinux status to permissive
[INFO ]  Running RootFS Build Factory script
losetup: /dev/loop1: detach failed: No such device or address
0+0 records in
0+0 records out
0 bytes (0 B) copied, 0.0003804 s, 0.0 kB/s
mke2fs 1.42.9 (28-Dec-2013)
Discarding device blocks:   1024/512000             done                            
Filesystem label=
OS type: Linux
Block size=1024 (log=0)
Fragment size=1024 (log=0)
Stride=0 blocks, Stripe width=0 blocks
128016 inodes, 512000 blocks
25600 blocks (5.00%) reserved for the super user
First data block=1
Maximum filesystem blocks=67633152
63 block groups
8192 blocks per group, 8192 fragments per group
2032 inodes per group
Superblock backups stored on blocks: 
	8193, 24577, 40961, 57345, 73729, 204801, 221185, 401409

Allocating group tables:  0/63     done                            
Writing inode tables:  0/63     done                            
Creating journal (8192 blocks): done
Writing superblocks and filesystem accounting information:  0/63     done

Setting up swapspace version 1, size = 524284 KiB
no label, UUID=cd27a98e-ecc3-474c-9dab-aecb4442b715
mke2fs 1.42.9 (28-Dec-2013)
Discarding device blocks:   4096/524288             done                            
Filesystem label=
OS type: Linux
Block size=4096 (log=2)
Fragment size=4096 (log=2)
Stride=0 blocks, Stripe width=0 blocks
131072 inodes, 524288 blocks
26214 blocks (5.00%) reserved for the super user
First data block=0
Maximum filesystem blocks=536870912
16 block groups
32768 blocks per group, 32768 fragments per group
8192 inodes per group
Superblock backups stored on blocks: 
	32768, 98304, 163840, 229376, 294912

Allocating group tables:  0/16     done                            
Writing inode tables:  0/16     done                            
Creating journal (16384 blocks): done
Writing superblocks and filesystem accounting information:  0/1610/16     done

There is no installed groups file.
Maybe run: yum groups mark convert (see man yum)
‘./etc/fstab’ -> ‘/tmp/temp/etc/fstab’
‘./etc/hostname’ -> ‘/tmp/temp/etc/hostname’
‘./etc/rbf’ -> ‘/tmp/temp/etc/rbf’
‘./etc/rbf/board.xml’ -> ‘/tmp/temp/etc/rbf/board.xml’
‘./etc/sysconfig/network-scripts/ifcfg-eth0’ -> ‘/tmp/temp/etc/sysconfig/network-scripts/ifcfg-eth0’
[INFO ]  Successfully Executed rbf.sh
[INFO ]  Creating Initramfs
[INFO ]  Board Script: ./boards.d/bananapi.sh /dev/loop1 none files/bananapi/u-boot-sunxi-with-spl.bin /tmp/temp none 3 9a8688e4-2d43-4584-a91e-76bae8440b5c

[INFO ]  Finalize Script: ./boards.d/finalize.sh
[INFO ]  Clean Up
[INFO ]  If you need any help, please provide rbf.log rbf.sh initramfs.sh cleanup.sh boardscript.sh templates/centos-bananapi.xml and the above output.
